<html>
<body>
<pre>
<h1>µVision Build Log</h1>
<h2>Tool Versions:</h2>
IDE-Version: µVision V5.29.0.0
Copyright (C) 2019 ARM Ltd and ARM Germany GmbH. All rights reserved.
License Information: tan nguyen, as, LIC=RC9VE-5V8VH-QC8J5-G3BQC-GN90B-QWAEF
 
Tool Versions:
Toolchain:       MDK-ARM Plus  Version: 5.29.0.0
Toolchain Path:  C:\Keil_v5\ARM\ARMCC\Bin
C Compiler:      Armcc.exe V5.06 update 6 (build 750)
Assembler:       Armasm.exe V5.06 update 6 (build 750)
Linker/Locator:  ArmLink.exe V5.06 update 6 (build 750)
Library Manager: ArmAr.exe V5.06 update 6 (build 750)
Hex Converter:   FromElf.exe V5.06 update 6 (build 750)
CPU DLL:         SARMCM3.DLL V5.29.0.0
Dialog DLL:      DCM.DLL V1.17.3.0
Target DLL:      STLink\ST-LINKIII-KEIL_SWO.dll V3.0.7.0
Dialog DLL:      TCM.DLL V1.36.5.0
 
<h2>Project:</h2>
C:\Users\Tan\Desktop\STM32F1_testKit\code\project.uvprojx
Project File Date:  06/24/2020

<h2>Output:</h2>
*** Using Compiler 'V5.06 update 6 (build 750)', folder: 'C:\Keil_v5\ARM\ARMCC\Bin'
Rebuild target 'project'
compiling stm32f10x_it.c...
compiling main.c...
.\mylib\I2C.h(26): warning:  #1-D: last line of file ends without a newline
  #endif
.\mylib\YS201.h(10): warning:  #1-D: last line of file ends without a newline
  #endif
.\mylib\DHT11.h(7): warning:  #1-D: last line of file ends without a newline
  #endif
src\main.c(15): warning:  #1-D: last line of file ends without a newline
  }
src\main.c: 4 warnings, 0 errors
compiling system_stm32f10x.c...
assembling startup_stm32f10x_hd.s...
compiling stm32f10x_gpio.c...
compiling stm32f10x_usart.c...
compiling stm32f10x_tim.c...
compiling stm32f10x_rcc.c...
compiling stm32f10x_exti.c...
compiling misc.c...
compiling stm32f10x_adc.c...
compiling stm32f10x_i2c.c...
compiling LED.c...
mylib\I2C.h(26): warning:  #1-D: last line of file ends without a newline
  #endif
mylib\YS201.h(10): warning:  #1-D: last line of file ends without a newline
  #endif
mylib\DHT11.h(7): warning:  #1-D: last line of file ends without a newline
  #endif
mylib\LED.c: 3 warnings, 0 errors
compiling ONEWIRE.c...
mylib\I2C.h(26): warning:  #1-D: last line of file ends without a newline
  #endif
mylib\YS201.h(10): warning:  #1-D: last line of file ends without a newline
  #endif
mylib\DHT11.h(7): warning:  #1-D: last line of file ends without a newline
  #endif
mylib\ONEWIRE.c(183): warning:  #1-D: last line of file ends without a newline
  */
mylib\ONEWIRE.c: 4 warnings, 0 errors
compiling UART.c...
mylib\I2C.h(26): warning:  #1-D: last line of file ends without a newline
  #endif
mylib\YS201.h(10): warning:  #1-D: last line of file ends without a newline
  #endif
mylib\DHT11.h(7): warning:  #1-D: last line of file ends without a newline
  #endif
mylib\UART.c(65): warning:  #550-D: variable "j"  was set but never used
  		char i=0,j=0;
mylib\UART.c: 4 warnings, 0 errors
compiling DELAY.c...
compiling EXTI.c...
mylib\I2C.h(26): warning:  #1-D: last line of file ends without a newline
  #endif
mylib\YS201.h(10): warning:  #1-D: last line of file ends without a newline
  #endif
mylib\DHT11.h(7): warning:  #1-D: last line of file ends without a newline
  #endif
mylib\EXTI.c: 3 warnings, 0 errors
compiling HC-SR04.c...
mylib\I2C.h(26): warning:  #1-D: last line of file ends without a newline
  #endif
mylib\YS201.h(10): warning:  #1-D: last line of file ends without a newline
  #endif
mylib\DHT11.h(7): warning:  #1-D: last line of file ends without a newline
  #endif
mylib\HC-SR04.c: 3 warnings, 0 errors
compiling I2C.c...
mylib\I2C.h(26): warning:  #1-D: last line of file ends without a newline
  #endif
mylib\YS201.h(10): warning:  #1-D: last line of file ends without a newline
  #endif
mylib\DHT11.h(7): warning:  #1-D: last line of file ends without a newline
  #endif
mylib\I2C.h(26): warning:  #1-D: last line of file ends without a newline
  #endif
mylib\I2C.c(87): warning:  #1-D: last line of file ends without a newline
  }
mylib\I2C.c: 5 warnings, 0 errors
compiling YS201.c...
mylib\I2C.h(26): warning:  #1-D: last line of file ends without a newline
  #endif
mylib\YS201.h(10): warning:  #1-D: last line of file ends without a newline
  #endif
mylib\DHT11.h(7): warning:  #1-D: last line of file ends without a newline
  #endif
mylib\YS201.h(10): warning:  #1-D: last line of file ends without a newline
  #endif
mylib\YS201.c: 4 warnings, 0 errors
compiling DHT11.c...
mylib\I2C.h(26): warning:  #1-D: last line of file ends without a newline
  #endif
mylib\YS201.h(10): warning:  #1-D: last line of file ends without a newline
  #endif
mylib\DHT11.h(7): warning:  #1-D: last line of file ends without a newline
  #endif
mylib\DHT11.h(7): warning:  #1-D: last line of file ends without a newline
  #endif
mylib\DHT11.c: 4 warnings, 0 errors
linking...
Program Size: Code=4352 RO-data=336 RW-data=48 ZI-data=1664  
FromELF: creating hex file...
".\Objects\project.axf" - 0 Error(s), 34 Warning(s).

<h2>Software Packages used:</h2>

Package Vendor: Keil
                http://www.keil.com/pack/Keil.STM32F1xx_DFP.1.0.5.pack
                Keil.STM32F1xx_DFP.1.0.5
                STMicroelectronics STM32F1 Series Device Support, Drivers and Examples

<h2>Collection of Component include folders:</h2>
  .\RTE\_project
  C:\Users\Tan\AppData\Local\Arm\Packs\Keil\STM32F1xx_DFP\1.0.5\Device\Include

<h2>Collection of Component Files used:</h2>
Build Time Elapsed:  00:00:08
</pre>
</body>
</html>
